// Jest Snapshot v1, https://goo.gl/fbAQLP

exports[`Render Family Final State 1`] = `
<div>
  <div
    class="MuiPaper-root makeStyles-root-1 MuiPaper-outlined MuiPaper-rounded"
  >
    <ul
      class="MuiList-root MuiList-padding"
    >
      <div
        aria-disabled="false"
        class="MuiButtonBase-root MuiListItem-root MuiListItem-gutters MuiListItem-button"
        role="button"
        tabindex="0"
      >
        <div
          class="MuiListItemText-root"
        >
          <span
            class="MuiTypography-root MuiListItemText-primary MuiTypography-body1 MuiTypography-displayBlock"
          >
            Iridaceae
          </span>
        </div>
        <svg
          aria-hidden="true"
          class="MuiSvgIcon-root"
          focusable="false"
          viewBox="0 0 24 24"
        >
          <path
            d="M16.59 8.59L12 13.17 7.41 8.59 6 10l6 6 6-6z"
          />
        </svg>
      </div>
      <div
        aria-disabled="false"
        class="MuiButtonBase-root MuiListItem-root MuiListItem-gutters MuiListItem-button"
        role="button"
        tabindex="0"
      >
        <div
          class="MuiListItemText-root"
        >
          <span
            class="MuiTypography-root MuiListItemText-primary MuiTypography-body1 MuiTypography-displayBlock"
          >
            Campanulaceae
          </span>
        </div>
        <svg
          aria-hidden="true"
          class="MuiSvgIcon-root"
          focusable="false"
          viewBox="0 0 24 24"
        >
          <path
            d="M16.59 8.59L12 13.17 7.41 8.59 6 10l6 6 6-6z"
          />
        </svg>
      </div>
      <div
        aria-disabled="false"
        class="MuiButtonBase-root MuiListItem-root MuiListItem-gutters MuiListItem-button"
        role="button"
        tabindex="0"
      >
        <div
          class="MuiListItemText-root"
        >
          <span
            class="MuiTypography-root MuiListItemText-primary MuiTypography-body1 MuiTypography-displayBlock"
          >
            Liliaceae
          </span>
        </div>
        <svg
          aria-hidden="true"
          class="MuiSvgIcon-root"
          focusable="false"
          viewBox="0 0 24 24"
        >
          <path
            d="M16.59 8.59L12 13.17 7.41 8.59 6 10l6 6 6-6z"
          />
        </svg>
      </div>
    </ul>
  </div>
</div>
`;

exports[`Render Family Load State 1`] = `
<div>
  <div
    class="MuiPaper-root makeStyles-root-1 MuiPaper-outlined MuiPaper-rounded"
  >
    <ul
      class="MuiList-root MuiList-padding"
    >
      Loading...
    </ul>
  </div>
</div>
`;
